[Planet]
Position -195.476 347.926
Team Player
MaxLevel 5
CurrentLevel 1
StartLevel 1
StartPlanet 1
UnitCount 0
[Planet]
Position -192.725 -12.2751
Team Neutral
MaxLevel 3
CurrentLevel 0
StartLevel 0
StartPlanet 0
UnitCount 0
[Planet]
Position 1548.49 412.884
Team Enemy1
MaxLevel 5
CurrentLevel 1
StartLevel 1
StartPlanet 1
UnitCount 0
[Planet]
Position 32.1853 91.9842
Team Neutral
MaxLevel 1
CurrentLevel 0
StartLevel 0
StartPlanet 0
UnitCount 0
[Planet]
Position 116.757 335.852
Team Neutral
MaxLevel 1
CurrentLevel 0
StartLevel 0
StartPlanet 0
UnitCount 0
[Planet]
Position 1537.95 -18.8148
Team Neutral
MaxLevel 3
CurrentLevel 0
StartLevel 0
StartPlanet 0
UnitCount 0
[Planet]
Position 62.2594 601.481
Team Neutral
MaxLevel 1
CurrentLevel 0
StartLevel 0
StartPlanet 0
UnitCount 0
[Planet]
Position -201.55 729.079
Team Neutral
MaxLevel 3
CurrentLevel 0
StartLevel 0
StartPlanet 0
UnitCount 0
[Planet]
Position 1260.77 126.916
Team Neutral
MaxLevel 1
CurrentLevel 0
StartLevel 0
StartPlanet 0
UnitCount 0
[Planet]
Position 1185.11 415.805
Team Neutral
MaxLevel 1
CurrentLevel 0
StartLevel 0
StartPlanet 0
UnitCount 0
[Planet]
Position 1271.08 666.863
Team Neutral
MaxLevel 1
CurrentLevel 0
StartLevel 0
StartPlanet 0
UnitCount 0
[Planet]
Position 1547.94 775.196
Team Neutral
MaxLevel 3
CurrentLevel 0
StartLevel 0
StartPlanet 0
UnitCount 0
[Planet]
Position 664.074 531.016
Team Neutral
MaxLevel 3
CurrentLevel 0
StartLevel 0
StartPlanet 0
UnitCount 0
[Planet]
Position 566.058 391.731
Team Neutral
MaxLevel 3
CurrentLevel 0
StartLevel 0
StartPlanet 0
UnitCount 0
[Planet]
Position 751.772 388.292
Team Neutral
MaxLevel 3
CurrentLevel 0
StartLevel 0
StartPlanet 0
UnitCount 0
[Planet]
Position 655.476 245.567
Team Neutral
MaxLevel 3
CurrentLevel 0
StartLevel 0
StartPlanet 0
UnitCount 0
